// Jest Snapshot v1, https://goo.gl/fbAQLP

exports[`<GridImage /> should render with background 1`] = `
.c3 {
  color: #0A1128;
  font-size: 6.4rem;
  text-transform: uppercase;
}

.c1 {
  max-width: 120rem;
  margin: 0 auto;
  padding: 3.2rem;
  width: 100%;
}

.c0 {
  background: #FFFF;
  color: #0A1128;
  min-height: 100vh;
  display: flex;
  align-items: center;
}

.c5 {
  font-size: 2.5rem;
}

.c2 >.c4 {
  margin-bottom: 6.4rem;
}

.c6 {
  display: grid;
  grid-template-columns: repeat(auto-fill, minmax(280px, 1fr));
  gap: 3.2rem;
}

.c7 {
  overflow: hidden;
}

.c8 {
  width: 100%;
  height: 100%;
  object-fit: cover;
  transition: all 300ms ease-in-out;
}

.c8:hover {
  transform: scale(1.3) rotate(10deg);
}

@media (max-width: 768px) {
  .c3 {
    font-size: 3.2rem;
  }
}

@media (max-width: 768px) {
  .c6 {
    grid-template-columns: 1fr;
  }
}

<div>
  <div
    class="c0"
    id=""
  >
    <div
      class="c1"
    >
      <div
        class="c2"
      >
        <h2
          class="c3"
        >
          My grid
        </h2>
        <div
          class="c4 c5"
        >
          Atque doloribus nobis laudantium esse ut, non commodi maxime distinctio veritatis unde
        </div>
        <div
          class="c6"
        >
          <div
            class="c7"
          >
            <img
              class="c8"
            />
          </div>
        </div>
      </div>
    </div>
  </div>
</div>
`;

exports[`<GridImage /> should render without background 1`] = `
.c3 {
  color: #0A1128;
  font-size: 6.4rem;
  text-transform: uppercase;
}

.c1 {
  max-width: 120rem;
  margin: 0 auto;
  padding: 3.2rem;
  width: 100%;
}

.c0 {
  background: #FFFF;
  color: #0A1128;
  min-height: 100vh;
  display: flex;
  align-items: center;
}

.c5 {
  font-size: 2.5rem;
}

.c2 >.c4 {
  margin-bottom: 6.4rem;
}

.c6 {
  display: grid;
  grid-template-columns: repeat(auto-fill, minmax(280px, 1fr));
  gap: 3.2rem;
}

.c7 {
  overflow: hidden;
}

.c8 {
  width: 100%;
  height: 100%;
  object-fit: cover;
  transition: all 300ms ease-in-out;
}

.c8:hover {
  transform: scale(1.3) rotate(10deg);
}

@media (max-width: 768px) {
  .c3 {
    font-size: 3.2rem;
  }
}

@media (max-width: 768px) {
  .c6 {
    grid-template-columns: 1fr;
  }
}

<div>
  <div
    class="c0"
    id=""
  >
    <div
      class="c1"
    >
      <div
        class="c2"
      >
        <h2
          class="c3"
        >
          My grid
        </h2>
        <div
          class="c4 c5"
        >
          Atque doloribus nobis laudantium esse ut, non commodi maxime distinctio veritatis unde
        </div>
        <div
          class="c6"
        >
          <div
            class="c7"
          >
            <img
              class="c8"
            />
          </div>
        </div>
      </div>
    </div>
  </div>
</div>
`;
